// Vitest Snapshot v1, https://vitest.dev/guide/snapshot.html

exports[`API Contract Regression Tests > RollupConfig Schema Compliance > should match snapshot for RollupConfig shape 1`] = `
[
  "createdAt",
  "createdBy",
  "description",
  "id",
  "matchers",
  "mergeOptions",
  "name",
  "repositoryIds",
  "status",
  "tenantId",
  "updatedAt",
  "version",
]
`;
